ATGACCACCC
ATGACCACCC
CACCCCAGTT
CCACACAGCA
CAGCAGACAA
CCACACAGCAGACAACCGTGAGAGGAACGTATAAAAAAACAAAAAGAAGCGGCACAAATGTTACCCCGCC
GTGACGGTGG
GGTGGCGCAT
CTATGTAGCC
TAGCCGTTGA
AGGA
AGGA
A

CTTTTAGGCCTACTATGGGTGTTAAATTTTTTT
