Reading input as format 'tsv'.
Read 1 id/name: 'read1'/'read1 desc1'
Read 1 seq:  'GATTACAGATTACA'
Read 1 qual: '???BBBDDDBDDDD'
Read 2 id/name: 'read2'/'read2 desc2'
Read 2 seq:  'TGTAATCTGTAATC'
Read 2 qual: '$^%Huh)ushv76J'
Read 3 id/name: 'read3'/'read3 desc3'
Read 3 seq:  'TAGACATTATGTTT'
Read 3 qual: ')($J)F(JS(FJSE'
