Reading input as format 'lines'.
Read 1 id/name: ''/''
Read 1 seq:  'GATTACAGATTACA'
Read 1 qual: ''
Read 2 id/name: ''/''
Read 2 seq:  'TGTAATCTGTAATC'
Read 2 qual: ''
Read 3 id/name: ''/''
Read 3 seq:  'TAGACATTATGTTT'
Read 3 qual: ''
