  --- subject ---
  begin:	1
  end:	16220
  --- query ---
  begin:	1
  end:	16219
    --- subject ---
    begin:	1
    end:	310
    --- query ---
    begin:	15910
    end:	16219
    --- subject ---
    begin:	311
    end:	522
    --- query ---
    begin:	15696
    end:	15907
    --- subject ---
    begin:	525
    end:	3106
    --- query ---
    begin:	13114
    end:	15695
    --- subject ---
    begin:	3108
    end:	16220
    --- query ---
    begin:	1
    end:	13113
  --- subject ---
  begin:	16094
  end:	16569
  --- query ---
  begin:	16220
  end:	16695
    --- subject ---
    begin:	16094
    end:	16569
    --- query ---
    begin:	16220
    end:	16695
